$ pwd
/Users/rcd

$ git clone https://github.com/duke-compsci308-fall2014/game
Cloning into 'game'...
Username for 'https://github.com': robertcduvall
Password for 'https://robertcduvall@github.com': 
remote: Counting objects: 8, done.
remote: Compressing objects: 100% (8/8), done.
remote: Total 8 (delta 0), reused 3 (delta 0)
Unpacking objects: 100% (8/8), done.
Checking connectivity... done.

$ ls
Applications	Documents	Library		Music		Public
Desktop		Downloads	Movies		Pictures	game

$ cd game

$ ls
LICENSE		README.md

$ ls -a
.		..		.git		.gitignore	LICENSE		README.md

$ ls .git
HEAD		config		hooks		info		objects		refs
branches	description	index		logs		packed-refs

$ git status
On branch master
Your branch is up-to-date with 'origin/master'.

nothing to commit, working directory clean

$ git pull
remote: Counting objects: 3, done.
remote: Compressing objects: 100% (3/3), done.
remote: Total 3 (delta 1), reused 0 (delta 0)
Unpacking objects: 100% (3/3), done.
From https://github.com/duke-compsci308-fall2014/game
   bfe8233..e346e36  master     -> origin/master
Updating bfe8233..e346e36
Fast-forward
 README.md | 3 +++
 1 file changed, 3 insertions(+)

$ cat README.md 
game
====

First project for CompSci 308 Spring 2014

My game will be lame

$ cd ..

$ ls
Applications	Documents	Library		Music		Public
Desktop		Downloads	Movies		Pictures	game

$ git pull
fatal: Not a git repository (or any of the parent directories): .git

$ cd game

$ cd ../Documents/compsci308_2014fall/

$ cd tester/

$ ls -la
total 16
drwxr-xr-x  7 rcd  staff  238 Aug 27 11:03 .
drwxr-xr-x  4 rcd  staff  136 Aug 27 11:03 ..
-rw-r--r--  1 rcd  staff  295 Aug 27 11:03 .classpath
-rw-r--r--  1 rcd  staff  365 Aug 27 11:03 .project
drwxr-xr-x  3 rcd  staff  102 Aug 27 11:03 .settings
drwxr-xr-x  3 rcd  staff  102 Aug 27 11:04 bin
drwxr-xr-x  3 rcd  staff  102 Aug 27 11:04 src

$ cd ..

$ ls
game	tester

$ cd game

$ git pull
fatal: Not a git repository (or any of the parent directories): .git

$ ls -a
.		.classpath	.settings	src
..		.project	bin

$ cd ..

$ ls
tester

$ mv ~/game .

$ ls
game	tester

$ cd game/

$ ls -la
total 24
drwxr-xr-x   6 rcd  staff   204 Aug 27 14:15 .
drwxr-xr-x   5 rcd  staff   170 Aug 27 14:19 ..
drwxr-xr-x  15 rcd  staff   510 Aug 27 14:15 .git
-rw-r--r--   1 rcd  staff    87 Aug 27 14:10 .gitignore
-rw-r--r--   1 rcd  staff  1091 Aug 27 14:10 LICENSE
-rw-r--r--   1 rcd  staff    76 Aug 27 14:15 README.md

$ ls -la
total 40
drwxr-xr-x  10 rcd  staff   340 Aug 27 14:20 .
drwxr-xr-x   5 rcd  staff   170 Aug 27 14:19 ..
-rw-r--r--   1 rcd  staff   226 Aug 27 14:20 .classpath
drwxr-xr-x  15 rcd  staff   510 Aug 27 14:15 .git
-rw-r--r--   1 rcd  staff    87 Aug 27 14:10 .gitignore
-rw-r--r--   1 rcd  staff   363 Aug 27 14:20 .project
-rw-r--r--   1 rcd  staff  1091 Aug 27 14:10 LICENSE
-rw-r--r--   1 rcd  staff    76 Aug 27 14:15 README.md
drwxr-xr-x   2 rcd  staff    68 Aug 27 14:20 bin
drwxr-xr-x   2 rcd  staff    68 Aug 27 14:20 src

$ git status
On branch master
Your branch is up-to-date with 'origin/master'.

nothing to commit, working directory clean

$ git status
On branch master
Your branch is up-to-date with 'origin/master'.

Untracked files:
  (use "git add <file>..." to include in what will be committed)

	src/

nothing added to commit but untracked files present (use "git add" to track)

$ ls src
game

$ ls src/game/
Blah.java

$ git add src/game/Blah.java 

$ git status
On branch master
Your branch is up-to-date with 'origin/master'.

Changes to be committed:
  (use "git reset HEAD <file>..." to unstage)

	new file:   src/game/Blah.java

$ git commit
[master 4743a88] Created my first class.
 1 file changed, 5 insertions(+)
 create mode 100644 src/game/Blah.java

$ vi README.md 

$ git status
On branch master
Your branch is ahead of 'origin/master' by 1 commit.
  (use "git push" to publish your local commits)

Changes not staged for commit:
  (use "git add <file>..." to update what will be committed)
  (use "git checkout -- <file>..." to discard changes in working directory)

	modified:   README.md

no changes added to commit (use "git add" and/or "git commit -a")

$ git add README.md 

$ git commit -m "Avoided using vi"
[master b3a03e5] Avoided using vi
 1 file changed, 1 insertion(+)

$ git push
warning: push.default is unset; its implicit value is changing in
Git 2.0 from 'matching' to 'simple'. To squelch this message
and maintain the current behavior after the default changes, use:

  git config --global push.default matching

To squelch this message and adopt the new behavior now, use:

  git config --global push.default simple

See 'git help config' and search for 'push.default' for further information.
(the 'simple' mode was introduced in Git 1.7.11. Use the similar mode
'current' instead of 'simple' if you sometimes use older versions of Git)

Counting objects: 10, done.
Delta compression using up to 4 threads.
Compressing objects: 100% (5/5), done.
Writing objects: 100% (8/8), 737 bytes | 0 bytes/s, done.
Total 8 (delta 2), reused 0 (delta 0)
To https://github.com/duke-compsci308-fall2014/game
   e346e36..b3a03e5  master -> master

$ vi src/game/Blah.java 

$ git status
On branch master
Your branch is up-to-date with 'origin/master'.

Changes not staged for commit:
  (use "git add <file>..." to update what will be committed)
  (use "git checkout -- <file>..." to discard changes in working directory)

	modified:   src/game/Blah.java

no changes added to commit (use "git add" and/or "git commit -a")

$ ls *
LICENSE		README.md

bin:
game

src:
game

$ ls .??*
.classpath	.gitignore	.project

.git:
COMMIT_EDITMSG	ORIG_HEAD	description	info		packed-refs
FETCH_HEAD	branches	hooks		logs		refs
HEAD		config		index		objects

$ git add src/Blah.java
